Token(TokenType.STRING, "Inn", line 1, offset 0)
Token(TokenType.NEWLINE, "\n", line 1, offset 4)
Token(TokenType.TAB, "\t", line 2, offset 1)
Token(TokenType.OPEN_BRACE, "{", line 2, offset 2)
Token(TokenType.STRING, "Name", line 2, offset 2)
Token(TokenType.CLOSE_BRACE, "}", line 2, offset 7)
Token(TokenType.NEWLINE, "\n", line 2, offset 8)
Token(TokenType.STRING, "Name", line 4, offset 0)
Token(TokenType.NEWLINE, "\n", line 4, offset 5)
Token(TokenType.TAB, "\t", line 5, offset 1)
Token(TokenType.STRING, "Inn of the ", line 5, offset 1)
Token(TokenType.OPEN_BRACE, "{", line 5, offset 13)
Token(TokenType.STRING, "descriptor", line 5, offset 13)
Token(TokenType.CLOSE_BRACE, "}", line 5, offset 24)
Token(TokenType.STRING, " ", line 5, offset 24)
Token(TokenType.OPEN_BRACE, "{", line 5, offset 26)
Token(TokenType.STRING, "thing", line 5, offset 26)
Token(TokenType.CLOSE_BRACE, "}", line 5, offset 32)
Token(TokenType.NEWLINE, "\n", line 5, offset 33)
Token(TokenType.TAB, "\t", line 6, offset 1)
Token(TokenType.STRING, "The ", line 6, offset 1)
Token(TokenType.OPEN_BRACE, "{", line 6, offset 6)
Token(TokenType.STRING, "descriptor", line 6, offset 6)
Token(TokenType.CLOSE_BRACE, "}", line 6, offset 17)
Token(TokenType.STRING, " ", line 6, offset 17)
Token(TokenType.OPEN_BRACE, "{", line 6, offset 19)
Token(TokenType.STRING, "noun", line 6, offset 19)
Token(TokenType.CLOSE_BRACE, "}", line 6, offset 24)
Token(TokenType.NEWLINE, "\n", line 6, offset 25)
Token(TokenType.TAB, "\t", line 7, offset 1)
Token(TokenType.STRING, "The ", line 7, offset 1)
Token(TokenType.OPEN_BRACE, "{", line 7, offset 6)
Token(TokenType.STRING, "creature", line 7, offset 6)
Token(TokenType.CLOSE_BRACE, "}", line 7, offset 15)
Token(TokenType.STRING, "'s ", line 7, offset 15)
Token(TokenType.OPEN_BRACE, "{", line 7, offset 19)
Token(TokenType.STRING, "place ", line 7, offset 19)
Token(TokenType.BAR, "|", line 7, offset 26)
Token(TokenType.STRING, " item", line 7, offset 26)
Token(TokenType.DOT, ".", line 7, offset 32)
Token(TokenType.STRING, "plural", line 7, offset 32)
Token(TokenType.CLOSE_BRACE, "}", line 7, offset 39)
Token(TokenType.NEWLINE, "\n", line 7, offset 40)
Token(TokenType.TAB, "\t", line 8, offset 1)
Token(TokenType.STRING, "The ", line 8, offset 1)
Token(TokenType.OPEN_BRACE, "{", line 8, offset 6)
Token(TokenType.STRING, "item", line 8, offset 6)
Token(TokenType.CLOSE_BRACE, "}", line 8, offset 11)
Token(TokenType.STRING, " ", line 8, offset 11)
Token(TokenType.OPEN_BRACE, "{", line 8, offset 13)
Token(TokenType.STRING, "place", line 8, offset 13)
Token(TokenType.CLOSE_BRACE, "}", line 8, offset 19)
Token(TokenType.NEWLINE, "\n", line 8, offset 20)
Token(TokenType.TAB, "\t", line 9, offset 1)
Token(TokenType.OPEN_BRACE, "{", line 9, offset 2)
Token(TokenType.STRING, "noun", line 9, offset 2)
Token(TokenType.CLOSE_BRACE, "}", line 9, offset 7)
Token(TokenType.STRING, " and ", line 9, offset 7)
Token(TokenType.OPEN_BRACE, "{", line 9, offset 13)
Token(TokenType.STRING, "noun", line 9, offset 13)
Token(TokenType.CLOSE_BRACE, "}", line 9, offset 18)
Token(TokenType.NEWLINE, "\n", line 9, offset 19)
Token(TokenType.STRING, "descriptor", line 11, offset 0)
Token(TokenType.NEWLINE, "\n", line 11, offset 11)
Token(TokenType.TAB, "\t", line 12, offset 1)
Token(TokenType.STRING, "Alabaster", line 12, offset 1)
Token(TokenType.NEWLINE, "\n", line 12, offset 11)
Token(TokenType.TAB, "\t", line 13, offset 1)
Token(TokenType.STRING, "Amaranthine", line 13, offset 1)
Token(TokenType.NEWLINE, "\n", line 13, offset 13)
Token(TokenType.TAB, "\t", line 14, offset 1)
Token(TokenType.STRING, "Ancestral", line 14, offset 1)
Token(TokenType.NEWLINE, "\n", line 14, offset 11)
Token(TokenType.TAB, "\t", line 15, offset 1)
Token(TokenType.STRING, "Ancient", line 15, offset 1)
Token(TokenType.NEWLINE, "\n", line 15, offset 9)
Token(TokenType.TAB, "\t", line 16, offset 1)
Token(TokenType.STRING, "Astral", line 16, offset 1)
Token(TokenType.NEWLINE, "\n", line 16, offset 8)
Token(TokenType.TAB, "\t", line 17, offset 1)
Token(TokenType.STRING, "Blessed", line 17, offset 1)
Token(TokenType.NEWLINE, "\n", line 17, offset 9)
Token(TokenType.TAB, "\t", line 18, offset 1)
Token(TokenType.STRING, "Blight", line 18, offset 1)
Token(TokenType.NEWLINE, "\n", line 18, offset 8)
Token(TokenType.TAB, "\t", line 19, offset 1)
Token(TokenType.STRING, "Blue", line 19, offset 1)
Token(TokenType.NEWLINE, "\n", line 19, offset 6)
Token(TokenType.STRING, "thing", line 21, offset 0)
Token(TokenType.NEWLINE, "\n", line 21, offset 6)
Token(TokenType.TAB, "\t", line 22, offset 1)
Token(TokenType.OPEN_BRACE, "{", line 22, offset 2)
Token(TokenType.STRING, "creature", line 22, offset 2)
Token(TokenType.CLOSE_BRACE, "}", line 22, offset 11)
Token(TokenType.NEWLINE, "\n", line 22, offset 12)
Token(TokenType.TAB, "\t", line 23, offset 1)
Token(TokenType.OPEN_BRACE, "{", line 23, offset 2)
Token(TokenType.STRING, "item", line 23, offset 2)
Token(TokenType.CLOSE_BRACE, "}", line 23, offset 7)
Token(TokenType.NEWLINE, "\n", line 23, offset 8)
Token(TokenType.STRING, "noun", line 25, offset 0)
Token(TokenType.NEWLINE, "\n", line 25, offset 5)
Token(TokenType.TAB, "\t", line 26, offset 1)
Token(TokenType.STRING, "cat", line 26, offset 1)
Token(TokenType.NEWLINE, "\n", line 26, offset 5)
Token(TokenType.TAB, "\t", line 27, offset 1)
Token(TokenType.STRING, "dog", line 27, offset 1)
Token(TokenType.NEWLINE, "\n", line 27, offset 5)
Token(TokenType.TAB, "\t", line 28, offset 1)
Token(TokenType.STRING, "guy", line 28, offset 1)
Token(TokenType.NEWLINE, "\n", line 28, offset 5)
Token(TokenType.TAB, "\t", line 29, offset 1)
Token(TokenType.OPEN_BRACE, "{", line 29, offset 2)
Token(TokenType.STRING, "item", line 29, offset 2)
Token(TokenType.CLOSE_BRACE, "}", line 29, offset 7)
Token(TokenType.NEWLINE, "\n", line 29, offset 8)
Token(TokenType.TAB, "\t", line 30, offset 1)
Token(TokenType.OPEN_BRACE, "{", line 30, offset 2)
Token(TokenType.STRING, "place", line 30, offset 2)
Token(TokenType.CLOSE_BRACE, "}", line 30, offset 8)
Token(TokenType.NEWLINE, "\n", line 30, offset 9)
Token(TokenType.STRING, "item", line 32, offset 0)
Token(TokenType.NEWLINE, "\n", line 32, offset 5)
Token(TokenType.TAB, "\t", line 33, offset 1)
Token(TokenType.STRING, "cask", line 33, offset 1)
Token(TokenType.NEWLINE, "\n", line 33, offset 6)
Token(TokenType.TAB, "\t", line 34, offset 1)
Token(TokenType.STRING, "spear", line 34, offset 1)
Token(TokenType.NEWLINE, "\n", line 34, offset 7)
Token(TokenType.TAB, "\t", line 35, offset 1)
Token(TokenType.STRING, "barrel", line 35, offset 1)
Token(TokenType.NEWLINE, "\n", line 35, offset 8)
Token(TokenType.TAB, "\t", line 36, offset 1)
Token(TokenType.STRING, "keg", line 36, offset 1)
Token(TokenType.NEWLINE, "\n", line 36, offset 5)
Token(TokenType.TAB, "\t", line 37, offset 1)
Token(TokenType.STRING, "scroll", line 37, offset 1)
Token(TokenType.NEWLINE, "\n", line 37, offset 8)
Token(TokenType.TAB, "\t", line 38, offset 1)
Token(TokenType.STRING, "cup", line 38, offset 1)
Token(TokenType.NEWLINE, "\n", line 38, offset 5)
Token(TokenType.TAB, "\t", line 39, offset 1)
Token(TokenType.STRING, "pipe", line 39, offset 1)
Token(TokenType.NEWLINE, "\n", line 39, offset 6)
Token(TokenType.STRING, "creature", line 41, offset 0)
Token(TokenType.NEWLINE, "\n", line 41, offset 9)
Token(TokenType.TAB, "\t", line 42, offset 1)
Token(TokenType.STRING, "bear", line 42, offset 1)
Token(TokenType.NEWLINE, "\n", line 42, offset 6)
Token(TokenType.TAB, "\t", line 43, offset 1)
Token(TokenType.STRING, "beetle", line 43, offset 1)
Token(TokenType.NEWLINE, "\n", line 43, offset 8)
Token(TokenType.TAB, "\t", line 44, offset 1)
Token(TokenType.STRING, "carp", line 44, offset 1)
Token(TokenType.NEWLINE, "\n", line 44, offset 6)
Token(TokenType.STRING, "place", line 46, offset 0)
Token(TokenType.NEWLINE, "\n", line 46, offset 6)
Token(TokenType.TAB, "\t", line 47, offset 1)
Token(TokenType.STRING, "lounge", line 47, offset 1)
Token(TokenType.NEWLINE, "\n", line 47, offset 8)
Token(TokenType.TAB, "\t", line 48, offset 1)
Token(TokenType.STRING, "library", line 48, offset 1)
Token(TokenType.NEWLINE, "\n", line 48, offset 9)
Token(TokenType.TAB, "\t", line 49, offset 1)
Token(TokenType.STRING, "pub", line 49, offset 1)
Token(TokenType.EOF, "None", line 49, offset 5)
